------------------------------------------------------------
TimeQuest Timing Analyzer Summary
------------------------------------------------------------

Type  : Slow 1200mV 85C Model Setup 'p1|altpll_component|pll|clk[2]'
Slack : -86.648
TNS   : -21502.733

Type  : Slow 1200mV 85C Model Setup 'CLOCK_50'
Slack : -47.131
TNS   : -1346.128

Type  : Slow 1200mV 85C Model Setup 'Reset_Delay:r0|oRESET'
Slack : -31.197
TNS   : -7299.136

Type  : Slow 1200mV 85C Model Hold 'CLOCK_50'
Slack : 0.353
TNS   : 0.000

Type  : Slow 1200mV 85C Model Hold 'p1|altpll_component|pll|clk[2]'
Slack : 0.386
TNS   : 0.000

Type  : Slow 1200mV 85C Model Hold 'Reset_Delay:r0|oRESET'
Slack : 1.054
TNS   : 0.000

Type  : Slow 1200mV 85C Model Recovery 'p1|altpll_component|pll|clk[2]'
Slack : -2.841
TNS   : -1612.189

Type  : Slow 1200mV 85C Model Recovery 'CLOCK_50'
Slack : 11.784
TNS   : 0.000

Type  : Slow 1200mV 85C Model Removal 'p1|altpll_component|pll|clk[2]'
Slack : 1.834
TNS   : 0.000

Type  : Slow 1200mV 85C Model Removal 'CLOCK_50'
Slack : 1.930
TNS   : 0.000

Type  : Slow 1200mV 85C Model Minimum Pulse Width 'Reset_Delay:r0|oRESET'
Slack : 0.428
TNS   : 0.000

Type  : Slow 1200mV 85C Model Minimum Pulse Width 'CLOCK_50'
Slack : 9.622
TNS   : 0.000

Type  : Slow 1200mV 85C Model Minimum Pulse Width 'p1|altpll_component|pll|clk[2]'
Slack : 19.695
TNS   : 0.000

Type  : Slow 1200mV 0C Model Setup 'p1|altpll_component|pll|clk[2]'
Slack : -78.886
TNS   : -19618.649

Type  : Slow 1200mV 0C Model Setup 'CLOCK_50'
Slack : -40.552
TNS   : -1059.300

Type  : Slow 1200mV 0C Model Setup 'Reset_Delay:r0|oRESET'
Slack : -28.712
TNS   : -6707.858

Type  : Slow 1200mV 0C Model Hold 'CLOCK_50'
Slack : 0.324
TNS   : 0.000

Type  : Slow 1200mV 0C Model Hold 'p1|altpll_component|pll|clk[2]'
Slack : 0.338
TNS   : 0.000

Type  : Slow 1200mV 0C Model Hold 'Reset_Delay:r0|oRESET'
Slack : 0.973
TNS   : 0.000

Type  : Slow 1200mV 0C Model Recovery 'p1|altpll_component|pll|clk[2]'
Slack : -2.366
TNS   : -1320.439

Type  : Slow 1200mV 0C Model Recovery 'CLOCK_50'
Slack : 12.518
TNS   : 0.000

Type  : Slow 1200mV 0C Model Removal 'p1|altpll_component|pll|clk[2]'
Slack : 1.511
TNS   : 0.000

Type  : Slow 1200mV 0C Model Removal 'CLOCK_50'
Slack : 1.746
TNS   : 0.000

Type  : Slow 1200mV 0C Model Minimum Pulse Width 'Reset_Delay:r0|oRESET'
Slack : 0.459
TNS   : 0.000

Type  : Slow 1200mV 0C Model Minimum Pulse Width 'CLOCK_50'
Slack : 9.643
TNS   : 0.000

Type  : Slow 1200mV 0C Model Minimum Pulse Width 'p1|altpll_component|pll|clk[2]'
Slack : 19.688
TNS   : 0.000

Type  : Fast 1200mV 0C Model Setup 'p1|altpll_component|pll|clk[2]'
Slack : -42.737
TNS   : -10745.743

Type  : Fast 1200mV 0C Model Setup 'CLOCK_50'
Slack : -16.456
TNS   : -102.585

Type  : Fast 1200mV 0C Model Setup 'Reset_Delay:r0|oRESET'
Slack : -15.472
TNS   : -3621.910

Type  : Fast 1200mV 0C Model Hold 'CLOCK_50'
Slack : 0.134
TNS   : 0.000

Type  : Fast 1200mV 0C Model Hold 'p1|altpll_component|pll|clk[2]'
Slack : 0.173
TNS   : 0.000

Type  : Fast 1200mV 0C Model Hold 'Reset_Delay:r0|oRESET'
Slack : 0.248
TNS   : 0.000

Type  : Fast 1200mV 0C Model Recovery 'p1|altpll_component|pll|clk[2]'
Slack : -1.372
TNS   : -778.874

Type  : Fast 1200mV 0C Model Recovery 'CLOCK_50'
Slack : 15.755
TNS   : 0.000

Type  : Fast 1200mV 0C Model Removal 'CLOCK_50'
Slack : 0.937
TNS   : 0.000

Type  : Fast 1200mV 0C Model Removal 'p1|altpll_component|pll|clk[2]'
Slack : 0.966
TNS   : 0.000

Type  : Fast 1200mV 0C Model Minimum Pulse Width 'Reset_Delay:r0|oRESET'
Slack : 0.423
TNS   : 0.000

Type  : Fast 1200mV 0C Model Minimum Pulse Width 'CLOCK_50'
Slack : 9.371
TNS   : 0.000

Type  : Fast 1200mV 0C Model Minimum Pulse Width 'p1|altpll_component|pll|clk[2]'
Slack : 19.748
TNS   : 0.000

------------------------------------------------------------
