------------------------------------------------------------
TimeQuest Timing Analyzer Summary
------------------------------------------------------------

Type  : Slow 1200mV 85C Model Setup 'p1|altpll_component|pll|clk[2]'
Slack : -73.025
TNS   : -16042.374

Type  : Slow 1200mV 85C Model Setup 'Reset_Delay:r0|oRESET'
Slack : -29.805
TNS   : -5332.906

Type  : Slow 1200mV 85C Model Setup 'CLOCK_50'
Slack : 0.175
TNS   : 0.000

Type  : Slow 1200mV 85C Model Hold 'CLOCK_50'
Slack : 0.381
TNS   : 0.000

Type  : Slow 1200mV 85C Model Hold 'p1|altpll_component|pll|clk[2]'
Slack : 0.387
TNS   : 0.000

Type  : Slow 1200mV 85C Model Hold 'Reset_Delay:r0|oRESET'
Slack : 0.872
TNS   : 0.000

Type  : Slow 1200mV 85C Model Recovery 'p1|altpll_component|pll|clk[2]'
Slack : -3.521
TNS   : -1293.067

Type  : Slow 1200mV 85C Model Recovery 'CLOCK_50'
Slack : 12.559
TNS   : 0.000

Type  : Slow 1200mV 85C Model Removal 'CLOCK_50'
Slack : 1.488
TNS   : 0.000

Type  : Slow 1200mV 85C Model Removal 'p1|altpll_component|pll|clk[2]'
Slack : 2.126
TNS   : 0.000

Type  : Slow 1200mV 85C Model Minimum Pulse Width 'Reset_Delay:r0|oRESET'
Slack : 0.437
TNS   : 0.000

Type  : Slow 1200mV 85C Model Minimum Pulse Width 'CLOCK_50'
Slack : 9.622
TNS   : 0.000

Type  : Slow 1200mV 85C Model Minimum Pulse Width 'p1|altpll_component|pll|clk[2]'
Slack : 19.700
TNS   : 0.000

Type  : Slow 1200mV 0C Model Setup 'p1|altpll_component|pll|clk[2]'
Slack : -66.582
TNS   : -14664.884

Type  : Slow 1200mV 0C Model Setup 'Reset_Delay:r0|oRESET'
Slack : -27.467
TNS   : -4895.483

Type  : Slow 1200mV 0C Model Setup 'CLOCK_50'
Slack : 1.702
TNS   : 0.000

Type  : Slow 1200mV 0C Model Hold 'p1|altpll_component|pll|clk[2]'
Slack : 0.340
TNS   : 0.000

Type  : Slow 1200mV 0C Model Hold 'CLOCK_50'
Slack : 0.354
TNS   : 0.000

Type  : Slow 1200mV 0C Model Hold 'Reset_Delay:r0|oRESET'
Slack : 0.835
TNS   : 0.000

Type  : Slow 1200mV 0C Model Recovery 'p1|altpll_component|pll|clk[2]'
Slack : -2.968
TNS   : -1072.121

Type  : Slow 1200mV 0C Model Recovery 'CLOCK_50'
Slack : 13.123
TNS   : 0.000

Type  : Slow 1200mV 0C Model Removal 'CLOCK_50'
Slack : 1.338
TNS   : 0.000

Type  : Slow 1200mV 0C Model Removal 'p1|altpll_component|pll|clk[2]'
Slack : 1.785
TNS   : 0.000

Type  : Slow 1200mV 0C Model Minimum Pulse Width 'Reset_Delay:r0|oRESET'
Slack : 0.465
TNS   : 0.000

Type  : Slow 1200mV 0C Model Minimum Pulse Width 'CLOCK_50'
Slack : 9.643
TNS   : 0.000

Type  : Slow 1200mV 0C Model Minimum Pulse Width 'p1|altpll_component|pll|clk[2]'
Slack : 19.686
TNS   : 0.000

Type  : Fast 1200mV 0C Model Setup 'p1|altpll_component|pll|clk[2]'
Slack : -37.041
TNS   : -8267.140

Type  : Fast 1200mV 0C Model Setup 'Reset_Delay:r0|oRESET'
Slack : -15.241
TNS   : -2727.435

Type  : Fast 1200mV 0C Model Setup 'CLOCK_50'
Slack : 8.203
TNS   : 0.000

Type  : Fast 1200mV 0C Model Hold 'CLOCK_50'
Slack : 0.156
TNS   : 0.000

Type  : Fast 1200mV 0C Model Hold 'p1|altpll_component|pll|clk[2]'
Slack : 0.176
TNS   : 0.000

Type  : Fast 1200mV 0C Model Hold 'Reset_Delay:r0|oRESET'
Slack : 0.229
TNS   : 0.000

Type  : Fast 1200mV 0C Model Recovery 'p1|altpll_component|pll|clk[2]'
Slack : -1.742
TNS   : -637.647

Type  : Fast 1200mV 0C Model Recovery 'CLOCK_50'
Slack : 16.145
TNS   : 0.000

Type  : Fast 1200mV 0C Model Removal 'CLOCK_50'
Slack : 0.723
TNS   : 0.000

Type  : Fast 1200mV 0C Model Removal 'p1|altpll_component|pll|clk[2]'
Slack : 1.109
TNS   : 0.000

Type  : Fast 1200mV 0C Model Minimum Pulse Width 'Reset_Delay:r0|oRESET'
Slack : 0.396
TNS   : 0.000

Type  : Fast 1200mV 0C Model Minimum Pulse Width 'CLOCK_50'
Slack : 9.371
TNS   : 0.000

Type  : Fast 1200mV 0C Model Minimum Pulse Width 'p1|altpll_component|pll|clk[2]'
Slack : 19.750
TNS   : 0.000

------------------------------------------------------------
